RUNTIME ERROR: Overflow
	error.overflow2.jsonlang:17:1-18	
