STATIC ERROR: error.parse.self_in_computed_field.jsonlang:17:15-18: Unexpected: self while parsing field definition
