RUNTIME ERROR: Unrecognized native function name: non_existent_native
	error.native_not_found.jsonlang:17:1-33	
