RUNTIME ERROR: sarcasm
	error.07.jsonlang:18:31-45	thunk <array_element>
	error.07.jsonlang:17:29-34	function <third>
	error.07.jsonlang:18:15-53	thunk <toxic>
	error.07.jsonlang:19:1-5	
