RUNTIME ERROR: Object assertion failed.
	error.invariant.simple.jsonlang:18:12-16	thunk <object_assert>
	During manifestation	
