STATIC ERROR: error.static_error_var_not_exist.jsonlang:17:16-19: Unknown variable: tmp2
