RUNTIME ERROR: Object assertion failed.
	error.obj_assert.fail1.jsonlang:20:23-28	thunk <object_assert>
	std.jsonlang:981:54-57	thunk <a>
	std.jsonlang:981:54-65	function <anonymous>
	std.jsonlang:981:54-65	function <anonymous>
	std.jsonlang:985:21-32	
