STATIC ERROR: error.parse.import_not_literal.jsonlang:17:8-27: Computed imports are not allowed.
