STATIC ERROR: error.parse.text_block_eof.jsonlang:17:1: Unexpected EOF
