STATIC ERROR: error.computed_field_scope.jsonlang:17:21: Unknown variable: x
