RUNTIME ERROR: foobar
	error.inside_tostring_array.jsonlang:17:8-21	thunk <array_element>
	error.inside_tostring_array.jsonlang:17:1-22	
