RUNTIME ERROR: Overflow
	error.overflow.jsonlang:17:1-5	
