RUNTIME ERROR: foo was not equal to bar
	error.assert.fail2.jsonlang:(20:1)-(22:4)	
