STATIC ERROR: error.parse.static_error_bad_number.jsonlang:17:1: Unexpected: "." while parsing terminal
