RUNTIME ERROR: Overflow
	error.overflow3.jsonlang:17:1-5	
