STATIC ERROR: error.string.invalid_escape_unicode_ascii.jsonlang:17:1: Codepoint out of ascii range.
