STATIC ERROR: error.parse.string.invalid_escape_unicode_short3.jsonlang:17:1: Unterminated string
