RUNTIME ERROR: In comprehension, can only iterate over array.
	error.comprehension_spec_object2.jsonlang:17:1-31	
