STATIC ERROR: error.parse.string.unfinished2.jsonlang:17:1: Unterminated string
