RUNTIME ERROR: foo
	error.03.jsonlang:17:21-31	object <ErrObj>
	error.03.jsonlang:18:1-8	
