STATIC ERROR: error.parse.string.invalid_escape_unicode_short.jsonlang:17:1: Unterminated string
