RUNTIME ERROR: Assertion failed. 1 != 2
	std.jsonlang:635:13-55	function <anonymous>
	error.sanity.jsonlang:17:1-21	
