RUNTIME ERROR: Division by zero.
	error.divide_zero.jsonlang:17:1-7	
