RUNTIME ERROR: Couldn't open import "lib": basic_filebuf::underflow error reading the file
	error.import_folder.jsonlang:17:1-12	
