STATIC ERROR: error.parse.string.invalid_escape_unicode_short2.jsonlang:17:1-7: Truncated unicode escape sequence in string literal.
