STATIC ERROR: error.parse.array_comma.jsonlang:17:7: Expected a comma before next array element.
