RUNTIME ERROR: Binding parameter a second time: x
	error.function_duplicate_arg.jsonlang:17:1-28	
