RUNTIME ERROR: Cannot test equality of functions
	std.jsonlang:987:17-41	function <anonymous>
	error.equality_function.jsonlang:17:1-32	
