STATIC ERROR: error.parse.text_block_bad_whitespace.jsonlang:17:1: Text block not terminated with |||
