RUNTIME ERROR: Array bounds error: 6 not within [0, 6)
	std.jsonlang:92:46-58	thunk <array_element>
	During manifestation	
