RUNTIME ERROR: my error message
	error.invariant.simple2.jsonlang:18:21-38	thunk <object_assert>
	During manifestation	
