RUNTIME ERROR: foo
	error.04.jsonlang:17:21-31	object <anonymous>
	During manifestation	
