STATIC ERROR: error.parse.string.invalid_escape_unicode_non_hex.jsonlang:17:1-8: Malformed unicode escape character, should be hex: 't'
