RUNTIME ERROR: Assertion failed.
	error.assert.fail1.jsonlang:(20:1)-(22:4)	
