STATIC ERROR: error.parse.string.invalid_escape.jsonlang:17:1-4: Unknown escape sequence in string literal: 'o'
