RUNTIME ERROR: Object assertion failed.
	error.invariant.equality.jsonlang:17:10-14	thunk <object_assert>
	std.jsonlang:981:54-57	thunk <a>
	std.jsonlang:981:54-65	function <anonymous>
	std.jsonlang:981:54-65	function <anonymous>
	std.jsonlang:985:21-32	
